[INFO]: 
        
          _______                                     _______________
         /   ___ \       _____  ____  ____________   / __        ___/
        /_/\ \_/ /_  __  \  _ \/ __/ /_  _/ / ___/  /_/ / // // /
           /  __  / / /  / /_)  _/    / // /\ \        / // // / __
          / /   \ \/ /  / _  \ /__   / // /__\ \   ___/ // // /_/ /
         /_/    _\  /  /_/ |_|___/  /_//_/_____/  /______________/
               /___/
        
[INFO]: PyRETIS version: 3.0.1
[INFO]: Start of execution: 30.03.2026 18:19:28
[INFO]: Python version: 3.12.3
[INFO]: Running in directory: /home/ula/pyretis_run/project_masters/retis_grotthuss
[INFO]: Input file: retis_grotthuss.rst
[INFO]: Log file: pyretis.log
[INFO]: Reading input settings from: retis_grotthuss.rst
[INFO]: Set up and create simulation.
[INFO]: 
        CREATING  ENSEMBLE  0
        =====================
[INFO]: Initializing unit system.
[INFO]: Creating system from settings.
[INFO]: Creating force field.
[INFO]: Created force field:
        Force field: Generic force field
        No potential functions added yet!
[INFO]: Created units: "gromacs".
[INFO]: Extra file index.ndx not present in /home/ula/pyretis_run/project_masters/retis_grotthuss/gromacs_input
[INFO]: Created GROMACS mdp input from /home/ula/pyretis_run/project_masters/retis_grotthuss/gromacs_input/grompp.mdp. You might want to check the input file: /home/ula/pyretis_run/project_masters/retis_grotthuss/gromacs_input/pyretis.mdp
[INFO]: Creating ".tpr" for GROMACS in /home/ula/pyretis_run/project_masters/retis_grotthuss/gromacs_input
[INFO]: GROMACS ".tpr" created: /home/ula/pyretis_run/project_masters/retis_grotthuss/gromacs_input/topol.tpr
[INFO]: Created engine "GROMACS engine" from settings.
[INFO]: Created main order parameter:
        Order parameter: "WaterAutoionization"
        Largest O-H distance (nm)
[INFO]: Periodic settings not given. Assumed True for all directions.
[INFO]: 
        CREATING  ENSEMBLE  1
        =====================
[INFO]: Initializing unit system.
[INFO]: Creating system from settings.
[INFO]: Creating force field.
[INFO]: Created force field:
        Force field: Generic force field
        No potential functions added yet!
[INFO]: Created units: "gromacs".
[INFO]: Extra file index.ndx not present in /home/ula/pyretis_run/project_masters/retis_grotthuss/gromacs_input
[INFO]: Created GROMACS mdp input from /home/ula/pyretis_run/project_masters/retis_grotthuss/gromacs_input/grompp.mdp. You might want to check the input file: /home/ula/pyretis_run/project_masters/retis_grotthuss/gromacs_input/pyretis.mdp
[INFO]: Creating ".tpr" for GROMACS in /home/ula/pyretis_run/project_masters/retis_grotthuss/gromacs_input
[INFO]: GROMACS ".tpr" created: /home/ula/pyretis_run/project_masters/retis_grotthuss/gromacs_input/topol.tpr
[INFO]: Created engine "GROMACS engine" from settings.
[INFO]: Created main order parameter:
        Order parameter: "WaterAutoionization"
        Largest O-H distance (nm)
[INFO]: Periodic settings not given. Assumed True for all directions.
[INFO]: 
        CREATING  ENSEMBLE  2
        =====================
[INFO]: Initializing unit system.
[INFO]: Creating system from settings.
[INFO]: Creating force field.
[INFO]: Created force field:
        Force field: Generic force field
        No potential functions added yet!
[INFO]: Created units: "gromacs".
[INFO]: Extra file index.ndx not present in /home/ula/pyretis_run/project_masters/retis_grotthuss/gromacs_input
[INFO]: Created GROMACS mdp input from /home/ula/pyretis_run/project_masters/retis_grotthuss/gromacs_input/grompp.mdp. You might want to check the input file: /home/ula/pyretis_run/project_masters/retis_grotthuss/gromacs_input/pyretis.mdp
[INFO]: Creating ".tpr" for GROMACS in /home/ula/pyretis_run/project_masters/retis_grotthuss/gromacs_input
[INFO]: GROMACS ".tpr" created: /home/ula/pyretis_run/project_masters/retis_grotthuss/gromacs_input/topol.tpr
[INFO]: Created engine "GROMACS engine" from settings.
[INFO]: Created main order parameter:
        Order parameter: "WaterAutoionization"
        Largest O-H distance (nm)
[INFO]: Periodic settings not given. Assumed True for all directions.
[INFO]: 
        CREATING  ENSEMBLE  3
        =====================
[INFO]: Initializing unit system.
[INFO]: Creating system from settings.
[INFO]: Creating force field.
[INFO]: Created force field:
        Force field: Generic force field
        No potential functions added yet!
[INFO]: Created units: "gromacs".
[INFO]: Extra file index.ndx not present in /home/ula/pyretis_run/project_masters/retis_grotthuss/gromacs_input
[INFO]: Created GROMACS mdp input from /home/ula/pyretis_run/project_masters/retis_grotthuss/gromacs_input/grompp.mdp. You might want to check the input file: /home/ula/pyretis_run/project_masters/retis_grotthuss/gromacs_input/pyretis.mdp
[INFO]: Creating ".tpr" for GROMACS in /home/ula/pyretis_run/project_masters/retis_grotthuss/gromacs_input
[INFO]: GROMACS ".tpr" created: /home/ula/pyretis_run/project_masters/retis_grotthuss/gromacs_input/topol.tpr
[INFO]: Created engine "GROMACS engine" from settings.
[INFO]: Created main order parameter:
        Order parameter: "WaterAutoionization"
        Largest O-H distance (nm)
[INFO]: Periodic settings not given. Assumed True for all directions.
[INFO]: 
        CREATING  ENSEMBLE  4
        =====================
[INFO]: Initializing unit system.
[INFO]: Creating system from settings.
[INFO]: Creating force field.
[INFO]: Created force field:
        Force field: Generic force field
        No potential functions added yet!
[INFO]: Created units: "gromacs".
[INFO]: Extra file index.ndx not present in /home/ula/pyretis_run/project_masters/retis_grotthuss/gromacs_input
[INFO]: Created GROMACS mdp input from /home/ula/pyretis_run/project_masters/retis_grotthuss/gromacs_input/grompp.mdp. You might want to check the input file: /home/ula/pyretis_run/project_masters/retis_grotthuss/gromacs_input/pyretis.mdp
[INFO]: Creating ".tpr" for GROMACS in /home/ula/pyretis_run/project_masters/retis_grotthuss/gromacs_input
[INFO]: GROMACS ".tpr" created: /home/ula/pyretis_run/project_masters/retis_grotthuss/gromacs_input/topol.tpr
[INFO]: Created engine "GROMACS engine" from settings.
[INFO]: Created main order parameter:
        Order parameter: "WaterAutoionization"
        Largest O-H distance (nm)
[INFO]: Periodic settings not given. Assumed True for all directions.
[INFO]: 
        CREATING  ENSEMBLE  5
        =====================
[INFO]: Initializing unit system.
[INFO]: Creating system from settings.
[INFO]: Creating force field.
[INFO]: Created force field:
        Force field: Generic force field
        No potential functions added yet!
[INFO]: Created units: "gromacs".
[INFO]: Extra file index.ndx not present in /home/ula/pyretis_run/project_masters/retis_grotthuss/gromacs_input
[INFO]: Created GROMACS mdp input from /home/ula/pyretis_run/project_masters/retis_grotthuss/gromacs_input/grompp.mdp. You might want to check the input file: /home/ula/pyretis_run/project_masters/retis_grotthuss/gromacs_input/pyretis.mdp
[INFO]: Creating ".tpr" for GROMACS in /home/ula/pyretis_run/project_masters/retis_grotthuss/gromacs_input
[INFO]: GROMACS ".tpr" created: /home/ula/pyretis_run/project_masters/retis_grotthuss/gromacs_input/topol.tpr
[INFO]: Created engine "GROMACS engine" from settings.
[INFO]: Created main order parameter:
        Order parameter: "WaterAutoionization"
        Largest O-H distance (nm)
[INFO]: Periodic settings not given. Assumed True for all directions.
[INFO]: 
        CREATING  ENSEMBLE  6
        =====================
[INFO]: Initializing unit system.
[INFO]: Creating system from settings.
[INFO]: Creating force field.
[INFO]: Created force field:
        Force field: Generic force field
        No potential functions added yet!
[INFO]: Created units: "gromacs".
[INFO]: Extra file index.ndx not present in /home/ula/pyretis_run/project_masters/retis_grotthuss/gromacs_input
[INFO]: Created GROMACS mdp input from /home/ula/pyretis_run/project_masters/retis_grotthuss/gromacs_input/grompp.mdp. You might want to check the input file: /home/ula/pyretis_run/project_masters/retis_grotthuss/gromacs_input/pyretis.mdp
[INFO]: Creating ".tpr" for GROMACS in /home/ula/pyretis_run/project_masters/retis_grotthuss/gromacs_input
[INFO]: GROMACS ".tpr" created: /home/ula/pyretis_run/project_masters/retis_grotthuss/gromacs_input/topol.tpr
[INFO]: Created engine "GROMACS engine" from settings.
[INFO]: Created main order parameter:
        Order parameter: "WaterAutoionization"
        Largest O-H distance (nm)
[INFO]: Periodic settings not given. Assumed True for all directions.
[INFO]: Created simulation:
        RETIS simulation
        Ensembles:
        [0^-]: Interfaces: (0.1078, 0.1085, 0.1085)
        [0^+]: Interfaces: (0.1085, 0.1085, 0.1115)
        [1^+]: Interfaces: (0.1085, 0.109, 0.1115)
        [2^+]: Interfaces: (0.1085, 0.1095, 0.1115)
        [3^+]: Interfaces: (0.1085, 0.11, 0.1115)
        [4^+]: Interfaces: (0.1085, 0.1105, 0.1115)
        [5^+]: Interfaces: (0.1085, 0.111, 0.1115)
        Number of steps to do: 500
[INFO]: Setup for simulation "retis" is done.
[INFO]: Full simulation settings written to: /home/ula/pyretis_run/project_masters/retis_grotthuss/out.rst
[INFO]: Backup existing file "/home/ula/pyretis_run/project_masters/retis_grotthuss/out.rst" to "/home/ula/pyretis_run/project_masters/retis_grotthuss/out.rst_004"
[INFO]: Creating output directories for path_ensemble [0^-]
[INFO]: Directory "/home/ula/pyretis_run/project_masters/retis_grotthuss/000" already exist.
[INFO]: Directory "/home/ula/pyretis_run/project_masters/retis_grotthuss/000/accepted" already exist.
[INFO]: Directory "/home/ula/pyretis_run/project_masters/retis_grotthuss/000/generate" already exist.
[INFO]: Directory "/home/ula/pyretis_run/project_masters/retis_grotthuss/000/traj" already exist.
[INFO]: Disabling output to screen path_ensemble-retis-screen since progress bar is ON
[INFO]: Creating output directories for path_ensemble [0^+]
[INFO]: Directory "/home/ula/pyretis_run/project_masters/retis_grotthuss/001" already exist.
[INFO]: Directory "/home/ula/pyretis_run/project_masters/retis_grotthuss/001/accepted" already exist.
[INFO]: Directory "/home/ula/pyretis_run/project_masters/retis_grotthuss/001/generate" already exist.
[INFO]: Directory "/home/ula/pyretis_run/project_masters/retis_grotthuss/001/traj" already exist.
[INFO]: Disabling output to screen path_ensemble-retis-screen since progress bar is ON
[INFO]: Creating output directories for path_ensemble [1^+]
[INFO]: Directory "/home/ula/pyretis_run/project_masters/retis_grotthuss/002" already exist.
[INFO]: Directory "/home/ula/pyretis_run/project_masters/retis_grotthuss/002/accepted" already exist.
[INFO]: Directory "/home/ula/pyretis_run/project_masters/retis_grotthuss/002/generate" already exist.
[INFO]: Directory "/home/ula/pyretis_run/project_masters/retis_grotthuss/002/traj" already exist.
[INFO]: Disabling output to screen path_ensemble-retis-screen since progress bar is ON
[INFO]: Creating output directories for path_ensemble [2^+]
[INFO]: Directory "/home/ula/pyretis_run/project_masters/retis_grotthuss/003" already exist.
[INFO]: Directory "/home/ula/pyretis_run/project_masters/retis_grotthuss/003/accepted" already exist.
[INFO]: Directory "/home/ula/pyretis_run/project_masters/retis_grotthuss/003/generate" already exist.
[INFO]: Directory "/home/ula/pyretis_run/project_masters/retis_grotthuss/003/traj" already exist.
[INFO]: Disabling output to screen path_ensemble-retis-screen since progress bar is ON
[INFO]: Creating output directories for path_ensemble [3^+]
[INFO]: Directory "/home/ula/pyretis_run/project_masters/retis_grotthuss/004" already exist.
[INFO]: Directory "/home/ula/pyretis_run/project_masters/retis_grotthuss/004/accepted" already exist.
[INFO]: Directory "/home/ula/pyretis_run/project_masters/retis_grotthuss/004/generate" already exist.
[INFO]: Directory "/home/ula/pyretis_run/project_masters/retis_grotthuss/004/traj" already exist.
[INFO]: Disabling output to screen path_ensemble-retis-screen since progress bar is ON
[INFO]: Creating output directories for path_ensemble [4^+]
[INFO]: Directory "/home/ula/pyretis_run/project_masters/retis_grotthuss/005" already exist.
[INFO]: Directory "/home/ula/pyretis_run/project_masters/retis_grotthuss/005/accepted" already exist.
[INFO]: Directory "/home/ula/pyretis_run/project_masters/retis_grotthuss/005/generate" already exist.
[INFO]: Directory "/home/ula/pyretis_run/project_masters/retis_grotthuss/005/traj" already exist.
[INFO]: Disabling output to screen path_ensemble-retis-screen since progress bar is ON
[INFO]: Creating output directories for path_ensemble [5^+]
[INFO]: Directory "/home/ula/pyretis_run/project_masters/retis_grotthuss/006" already exist.
[INFO]: Directory "/home/ula/pyretis_run/project_masters/retis_grotthuss/006/accepted" already exist.
[INFO]: Directory "/home/ula/pyretis_run/project_masters/retis_grotthuss/006/generate" already exist.
[INFO]: Directory "/home/ula/pyretis_run/project_masters/retis_grotthuss/006/traj" already exist.
[INFO]: Disabling output to screen path_ensemble-retis-screen since progress bar is ON
[INFO]: Initialising retis simulation. 
[INFO]: Initialising path ensembles:
[INFO]: Initiation method "load" selected
[INFO]: Loading data for path path ensemble [0^-]:
[CRITICAL]: Could not open file "load/000/energy.txt" for reading
[CRITICAL]: I/O error ({2}): {No such file or directory}
[INFO]: Found initial path for [0^-]
[INFO]: Path with length 501 (max: None)
        Order parameter max: (0.111969, 423)
        Order parameter min: (0.107722, 364)
        Start 0.109813
        End 0.110928
        Status: The path has been accepted
        Generated: Path was loaded from formatted external file(s)
        Weight: 1.0
[INFO]: Appending to existing file "/home/ula/pyretis_run/project_masters/retis_grotthuss/000/pathensemble.txt"
[INFO]: Appending to existing file "/home/ula/pyretis_run/project_masters/retis_grotthuss/000/order.txt"
[INFO]: Appending to existing file "/home/ula/pyretis_run/project_masters/retis_grotthuss/000/energy.txt"
[INFO]: Loading data for path path ensemble [0^+]:
[CRITICAL]: Could not open file "load/001/energy.txt" for reading
[CRITICAL]: I/O error ({2}): {No such file or directory}
[CRITICAL]: Initial path for [0^+] starts at the wrong interface! Initial path for [0^+] ends at the wrong interface!
[INFO]: Sorting input files
[INFO]: Found initial path for [0^+]
[INFO]: Path with length 408 (max: None)
        Order parameter max: (0.111342, 405)
        Order parameter min: (0.10849, 0)
        Start 0.10849
        End 0.10849
        Status: The path has been accepted
        Generated: Path was loaded from unformatted external file(s)
        Weight: 1.0
[INFO]: Appending to existing file "/home/ula/pyretis_run/project_masters/retis_grotthuss/001/pathensemble.txt"
[INFO]: Appending to existing file "/home/ula/pyretis_run/project_masters/retis_grotthuss/001/order.txt"
[INFO]: Appending to existing file "/home/ula/pyretis_run/project_masters/retis_grotthuss/001/energy.txt"
[INFO]: Loading data for path path ensemble [1^+]:
[CRITICAL]: Could not open file "load/002/energy.txt" for reading
[CRITICAL]: I/O error ({2}): {No such file or directory}
[CRITICAL]: Initial path for [1^+] starts at the wrong interface! Initial path for [1^+] ends at the wrong interface!
[INFO]: Sorting input files
[INFO]: Found initial path for [1^+]
[INFO]: Path with length 272 (max: None)
        Order parameter max: (0.111342, 269)
        Order parameter min: (0.10849, 0)
        Start 0.10849
        End 0.10849
        Status: The path has been accepted
        Generated: Path was loaded from unformatted external file(s)
        Weight: 1.0
[INFO]: Appending to existing file "/home/ula/pyretis_run/project_masters/retis_grotthuss/002/pathensemble.txt"
[INFO]: Appending to existing file "/home/ula/pyretis_run/project_masters/retis_grotthuss/002/order.txt"
[INFO]: Appending to existing file "/home/ula/pyretis_run/project_masters/retis_grotthuss/002/energy.txt"
[INFO]: Loading data for path path ensemble [2^+]:
[CRITICAL]: Could not open file "load/003/energy.txt" for reading
[CRITICAL]: I/O error ({2}): {No such file or directory}
[CRITICAL]: Initial path for [2^+] starts at the wrong interface! Initial path for [2^+] ends at the wrong interface!
[INFO]: Sorting input files
[INFO]: Found initial path for [2^+]
[INFO]: Path with length 135 (max: None)
        Order parameter max: (0.111342, 132)
        Order parameter min: (0.10849, 0)
        Start 0.10849
        End 0.10849
        Status: The path has been accepted
        Generated: Path was loaded from unformatted external file(s)
        Weight: 1.0
[INFO]: Appending to existing file "/home/ula/pyretis_run/project_masters/retis_grotthuss/003/pathensemble.txt"
[INFO]: Appending to existing file "/home/ula/pyretis_run/project_masters/retis_grotthuss/003/order.txt"
[INFO]: Appending to existing file "/home/ula/pyretis_run/project_masters/retis_grotthuss/003/energy.txt"
[INFO]: Loading data for path path ensemble [3^+]:
[CRITICAL]: Could not open file "load/004/energy.txt" for reading
[CRITICAL]: I/O error ({2}): {No such file or directory}
[CRITICAL]: Initial path for [3^+] starts at the wrong interface! Initial path for [3^+] ends at the wrong interface!
[INFO]: Sorting input files
[INFO]: Found initial path for [3^+]
[INFO]: Path with length 56 (max: None)
        Order parameter max: (0.111342, 53)
        Order parameter min: (0.10849, 0)
        Start 0.10849
        End 0.10849
        Status: The path has been accepted
        Generated: Path was loaded from unformatted external file(s)
        Weight: 1.0
[INFO]: Appending to existing file "/home/ula/pyretis_run/project_masters/retis_grotthuss/004/pathensemble.txt"
[INFO]: Appending to existing file "/home/ula/pyretis_run/project_masters/retis_grotthuss/004/order.txt"
[INFO]: Appending to existing file "/home/ula/pyretis_run/project_masters/retis_grotthuss/004/energy.txt"
[INFO]: Loading data for path path ensemble [4^+]:
[CRITICAL]: Could not open file "load/005/energy.txt" for reading
[CRITICAL]: I/O error ({2}): {No such file or directory}
[CRITICAL]: Initial path for [4^+] starts at the wrong interface! Initial path for [4^+] ends at the wrong interface!
[INFO]: Sorting input files
[INFO]: Found initial path for [4^+]
[INFO]: Path with length 23 (max: None)
        Order parameter max: (0.111342, 20)
        Order parameter min: (0.10849, 0)
        Start 0.10849
        End 0.10849
        Status: The path has been accepted
        Generated: Path was loaded from unformatted external file(s)
        Weight: 1.0
[INFO]: Appending to existing file "/home/ula/pyretis_run/project_masters/retis_grotthuss/005/pathensemble.txt"
[INFO]: Appending to existing file "/home/ula/pyretis_run/project_masters/retis_grotthuss/005/order.txt"
[INFO]: Appending to existing file "/home/ula/pyretis_run/project_masters/retis_grotthuss/005/energy.txt"
[INFO]: Loading data for path path ensemble [5^+]:
[CRITICAL]: Could not open file "load/006/energy.txt" for reading
[CRITICAL]: I/O error ({2}): {No such file or directory}
[CRITICAL]: Initial path for [5^+] starts at the wrong interface! Initial path for [5^+] ends at the wrong interface!
[INFO]: Sorting input files
[INFO]: Found initial path for [5^+]
[INFO]: Path with length 9 (max: None)
        Order parameter max: (0.111342, 6)
        Order parameter min: (0.10849, 0)
        Start 0.10849
        End 0.10849
        Status: The path has been accepted
        Generated: Path was loaded from unformatted external file(s)
        Weight: 1.0
[INFO]: Appending to existing file "/home/ula/pyretis_run/project_masters/retis_grotthuss/006/pathensemble.txt"
[INFO]: Appending to existing file "/home/ula/pyretis_run/project_masters/retis_grotthuss/006/order.txt"
[INFO]: Appending to existing file "/home/ula/pyretis_run/project_masters/retis_grotthuss/006/energy.txt"
[INFO]: Initiation done. Starting retis simulation. 
[INFO]:  retis step. Cycle 1
[INFO]: Performing RETIS TIS move(s)
[INFO]: TIS move in: [0^-]
[INFO]: Selecting the shooting move.
[INFO]: Performing a shooting move
[INFO]: Shooting from order parameter/index: 0.108540, 118
[INFO]: The move was rejected! (KOB)
[INFO]: TIS move in: [0^+]
[INFO]: Selecting the shooting move.
[INFO]: Performing a shooting move
[INFO]: Shooting from order parameter/index: 0.109183, 193
[INFO]: The move was accepted!
[INFO]: TIS move in: [1^+]
[INFO]: Selecting the shooting move.
[INFO]: Performing a shooting move
[INFO]: Shooting from order parameter/index: 0.110553, 252
[INFO]: The move was accepted!
[INFO]: TIS move in: [2^+]
[INFO]: Selecting the shooting move.
[INFO]: Performing a shooting move
[INFO]: Shooting from order parameter/index: 0.110331, 104
[INFO]: The move was accepted!
[INFO]: TIS move in: [3^+]
[INFO]: Selecting the shooting move.
[INFO]: Performing a shooting move
[INFO]: Shooting from order parameter/index: 0.110132, 10
[INFO]: The move was accepted!
[INFO]: TIS move in: [4^+]
[INFO]: Selecting the shooting move.
[INFO]: Performing a shooting move
[INFO]: Shooting from order parameter/index: 0.111342, 20
[INFO]: The move was accepted!
[INFO]: TIS move in: [5^+]
[INFO]: Selecting the shooting move.
[INFO]: Performing a shooting move
[INFO]: Shooting from order parameter/index: 0.111342, 6
[INFO]: The move was accepted!
[INFO]:  retis step. Cycle 2
[INFO]: Performing RETIS swapping move(s).
[INFO]: Swapping: [0^-] <-> [0^+]
[INFO]: Swapping: [1^+] <-> [2^+]
[INFO]: Swap was accepted.
[INFO]: Swapping: [3^+] <-> [4^+]
[INFO]: Swap was rejected. (NCR)
[INFO]: Null move for: [5^+]
[INFO]:  retis step. Cycle 3
[INFO]: Performing RETIS swapping move(s).
[INFO]: Swapping: [0^-] <-> [0^+]
[INFO]: Swapping: [1^+] <-> [2^+]
[INFO]: Swap was accepted.
[INFO]: Swapping: [3^+] <-> [4^+]
[INFO]: Swap was rejected. (NCR)
[INFO]: Null move for: [5^+]
[INFO]:  retis step. Cycle 4
[INFO]: Performing RETIS swapping move(s).
[INFO]: Swapping: [0^+] <-> [1^+]
[INFO]: Swap was accepted.
[INFO]: Swapping: [2^+] <-> [3^+]
[INFO]: Swap was accepted.
[INFO]: Swapping: [4^+] <-> [5^+]
[INFO]: Swap was accepted.
[INFO]: Null move for: [0^-]
[INFO]:  retis step. Cycle 5
[INFO]: Performing RETIS swapping move(s).
[INFO]: Swapping: [0^-] <-> [0^+]
[INFO]: Swapping: [1^+] <-> [2^+]
[INFO]: Swap was accepted.
[INFO]: Swapping: [3^+] <-> [4^+]
[INFO]: Swap was rejected. (NCR)
[INFO]: Null move for: [5^+]
[INFO]:  retis step. Cycle 6
[INFO]: Performing RETIS TIS move(s)
[INFO]: TIS move in: [0^-]
[INFO]: Selecting the shooting move.
[INFO]: Performing a shooting move
[INFO]: Shooting from order parameter/index: 0.108166, 1
[INFO]: The move was rejected! (KOB)
[INFO]: TIS move in: [0^+]
[INFO]: Selecting the shooting move.
[INFO]: Performing a shooting move
[INFO]: Shooting from order parameter/index: 0.109073, 9
[INFO]: The move was accepted!
[INFO]: TIS move in: [1^+]
[INFO]: Selecting the shooting move.
[INFO]: Performing a shooting move
[INFO]: Shooting from order parameter/index: 0.110132, 1
[INFO]: The move was accepted!
[INFO]: TIS move in: [2^+]
[INFO]: Selecting the shooting move.
[INFO]: Performing a shooting move
[INFO]: Shooting from order parameter/index: 0.109903, 4
[INFO]: The move was rejected! (FTL)
[INFO]: TIS move in: [3^+]
[INFO]: Selecting the shooting move.
[INFO]: Performing a shooting move
[INFO]: Shooting from order parameter/index: 0.109645, 1
[INFO]: The move was rejected! (BTL)
[INFO]: TIS move in: [4^+]
[INFO]: Selecting the shooting move.
[INFO]: Performing a shooting move
[INFO]: Shooting from order parameter/index: 0.111342, 1
[INFO]: The move was rejected! (BTL)
[INFO]: TIS move in: [5^+]
[INFO]: Selecting the shooting move.
[INFO]: Performing a shooting move
[INFO]: Shooting from order parameter/index: 0.109745, 4
[INFO]: The move was rejected! (NCR)
[INFO]:  retis step. Cycle 7
[INFO]: Performing RETIS TIS move(s)
[INFO]: TIS move in: [0^-]
[INFO]: Selecting the shooting move.
[INFO]: Performing a shooting move
[INFO]: Shooting from order parameter/index: 0.108166, 1
[INFO]: The move was rejected! (KOB)
[INFO]: TIS move in: [0^+]
[INFO]: Selecting the shooting move.
[INFO]: Performing a shooting move
[INFO]: Shooting from order parameter/index: 0.108620, 8
[INFO]: The move was accepted!
[INFO]: TIS move in: [1^+]
[INFO]: Selecting the shooting move.
[INFO]: Performing a shooting move
[INFO]: Shooting from order parameter/index: 0.109028, 2
[INFO]: The move was rejected! (FTL)
[INFO]: TIS move in: [2^+]
[INFO]: Selecting the shooting move.
[INFO]: Performing a shooting move
[INFO]: Shooting from order parameter/index: 0.109266, 1
[INFO]: The move was accepted!
[INFO]: TIS move in: [3^+]
[INFO]: Selecting the shooting move.
[INFO]: Performing a shooting move
[INFO]: Shooting from order parameter/index: 0.109318, 5
[INFO]: The move was rejected! (FTL)
[INFO]: TIS move in: [4^+]
[INFO]: Selecting the shooting move.
[INFO]: Performing a shooting move
[INFO]: Shooting from order parameter/index: 0.111342, 1
[INFO]: The move was rejected! (BTL)
[INFO]: TIS move in: [5^+]
[INFO]: Selecting the shooting move.
[INFO]: Performing a shooting move
[INFO]: Shooting from order parameter/index: 0.108686, 3
[INFO]: The move was rejected! (NCR)
[INFO]:  retis step. Cycle 8
[INFO]: Performing RETIS TIS move(s)
[INFO]: TIS move in: [0^-]
[INFO]: Selecting the shooting move.
[INFO]: Performing a shooting move
[INFO]: Shooting from order parameter/index: 0.108166, 1
[INFO]: The move was rejected! (KOB)
[INFO]: TIS move in: [0^+]
[INFO]: Selecting the shooting move.
[INFO]: Performing a shooting move
[INFO]: Shooting from order parameter/index: 0.109293, 1
[INFO]: The move was rejected! (BTL)
[INFO]: TIS move in: [1^+]
[INFO]: Selecting the shooting move.
[INFO]: Performing a shooting move
[INFO]: Shooting from order parameter/index: 0.108665, 1
[INFO]: The move was rejected! (BTL)
[INFO]: TIS move in: [2^+]
[INFO]: Selecting the shooting move.
[INFO]: Performing a shooting move
[INFO]: Shooting from order parameter/index: 0.109129, 5
[INFO]: The move was rejected! (BTL)
[INFO]: TIS move in: [3^+]
[INFO]: Selecting the shooting move.
[INFO]: Performing a shooting move
[INFO]: Shooting from order parameter/index: 0.109053, 3
[INFO]: The move was rejected! (BTL)
[INFO]: TIS move in: [4^+]
[INFO]: Selecting the shooting move.
[INFO]: Performing a shooting move
[INFO]: Shooting from order parameter/index: 0.111342, 1
[INFO]: The move was rejected! (BTL)
[INFO]: TIS move in: [5^+]
[INFO]: Selecting the shooting move.
[INFO]: Performing a shooting move
[INFO]: Shooting from order parameter/index: 0.109173, 8
[INFO]: The move was rejected! (NCR)
[INFO]:  retis step. Cycle 9
[INFO]: Performing RETIS TIS move(s)
[INFO]: TIS move in: [0^-]
[INFO]: Performing a time reversal move
[INFO]: The move was accepted!
[INFO]: TIS move in: [0^+]
[INFO]: Performing a time reversal move
[INFO]: The move was accepted!
[INFO]: TIS move in: [1^+]
[INFO]: Performing a time reversal move
[INFO]: The move was accepted!
[INFO]: TIS move in: [2^+]
[INFO]: Performing a time reversal move
[INFO]: The move was accepted!
[INFO]: TIS move in: [3^+]
[INFO]: Performing a time reversal move
[INFO]: The move was accepted!
[INFO]: TIS move in: [4^+]
[INFO]: Performing a time reversal move
[INFO]: The move was accepted!
[INFO]: TIS move in: [5^+]
[INFO]: Performing a time reversal move
[INFO]: The move was accepted!
[INFO]:  retis step. Cycle 10
[INFO]: Performing RETIS TIS move(s)
[INFO]: TIS move in: [0^-]
[INFO]: Selecting the shooting move.
[INFO]: Performing a shooting move
[INFO]: Shooting from order parameter/index: 0.108166, 1
[INFO]: The move was rejected! (KOB)
[INFO]: TIS move in: [0^+]
[INFO]: Selecting the shooting move.
[INFO]: Performing a shooting move
[INFO]: Shooting from order parameter/index: 0.109279, 3
[INFO]: The move was accepted!
[INFO]: TIS move in: [1^+]
[INFO]: Selecting the shooting move.
[INFO]: Performing a shooting move
[INFO]: Shooting from order parameter/index: 0.109028, 4
[INFO]: The move was rejected! (BWI)
[INFO]: TIS move in: [2^+]
[INFO]: Selecting the shooting move.
[INFO]: Performing a shooting move
[INFO]: Shooting from order parameter/index: 0.109129, 2
[INFO]: The move was accepted!
[INFO]: TIS move in: [3^+]
[INFO]: Selecting the shooting move.
[INFO]: Performing a shooting move
[INFO]: Shooting from order parameter/index: 0.110331, 4
[INFO]: The move was rejected! (FTL)
[INFO]: TIS move in: [4^+]
[INFO]: Selecting the shooting move.
[INFO]: Performing a shooting move
[INFO]: Shooting from order parameter/index: 0.111342, 1
[INFO]: The move was accepted!
[INFO]: TIS move in: [5^+]
[INFO]: Selecting the shooting move.
[INFO]: Performing a shooting move
[INFO]: Shooting from order parameter/index: 0.109261, 5
[INFO]: The move was rejected! (NCR)
[INFO]:  retis step. Cycle 11
[INFO]: Performing RETIS TIS move(s)
[INFO]: TIS move in: [0^-]
[INFO]: Performing a time reversal move
[INFO]: The move was accepted!
[INFO]: TIS move in: [0^+]
[INFO]: Performing a time reversal move
[INFO]: The move was rejected! (BWI)
[INFO]: TIS move in: [1^+]
[INFO]: Performing a time reversal move
[INFO]: The move was accepted!
[INFO]: TIS move in: [2^+]
[INFO]: Performing a time reversal move
[INFO]: The move was accepted!
[INFO]: TIS move in: [3^+]
[INFO]: Performing a time reversal move
[INFO]: The move was accepted!
[INFO]: TIS move in: [4^+]
[INFO]: Performing a time reversal move
[INFO]: The move was accepted!
[INFO]: TIS move in: [5^+]
[INFO]: Performing a time reversal move
[INFO]: The move was accepted!
[INFO]:  retis step. Cycle 12
[INFO]: Performing RETIS swapping move(s).
[INFO]: Swapping: [0^-] <-> [0^+]
[INFO]: Swapping: [1^+] <-> [2^+]
[INFO]: Swap was accepted.
[INFO]: Swapping: [3^+] <-> [4^+]
[INFO]: Swap was rejected. (NCR)
[INFO]: Null move for: [5^+]
[INFO]:  retis step. Cycle 13
[INFO]: Performing RETIS swapping move(s).
[INFO]: Swapping: [0^-] <-> [0^+]
[INFO]: Swapping: [1^+] <-> [2^+]
[INFO]: Swap was accepted.
[INFO]: Swapping: [3^+] <-> [4^+]
[INFO]: Swap was rejected. (NCR)
[INFO]: Null move for: [5^+]
[INFO]:  retis step. Cycle 14
[INFO]: Performing RETIS swapping move(s).
[INFO]: Swapping: [0^+] <-> [1^+]
[INFO]: Swap was accepted.
[INFO]: Swapping: [2^+] <-> [3^+]
[INFO]: Swap was accepted.
[INFO]: Swapping: [4^+] <-> [5^+]
[INFO]: Swap was accepted.
[INFO]: Null move for: [0^-]
[INFO]:  retis step. Cycle 15
[INFO]: Performing RETIS swapping move(s).
[INFO]: Swapping: [0^-] <-> [0^+]
[INFO]: Swapping: [1^+] <-> [2^+]
[INFO]: Swap was accepted.
[INFO]: Swapping: [3^+] <-> [4^+]
[INFO]: Swap was accepted.
[INFO]: Null move for: [5^+]
[INFO]:  retis step. Cycle 16
[INFO]: Performing RETIS swapping move(s).
[INFO]: Swapping: [0^+] <-> [1^+]
[INFO]: Swap was accepted.
[INFO]: Swapping: [2^+] <-> [3^+]
[INFO]: Swap was accepted.
[INFO]: Swapping: [4^+] <-> [5^+]
[INFO]: Swap was accepted.
[INFO]: Null move for: [0^-]
[INFO]:  retis step. Cycle 17
[INFO]: Performing RETIS swapping move(s).
[INFO]: Swapping: [0^+] <-> [1^+]
[INFO]: Swap was accepted.
[INFO]: Swapping: [2^+] <-> [3^+]
[INFO]: Swap was accepted.
[INFO]: Swapping: [4^+] <-> [5^+]
[INFO]: Swap was accepted.
[INFO]: Null move for: [0^-]
[INFO]:  retis step. Cycle 18
[INFO]: Performing RETIS swapping move(s).
[INFO]: Swapping: [0^+] <-> [1^+]
[INFO]: Swap was accepted.
[INFO]: Swapping: [2^+] <-> [3^+]
[INFO]: Swap was accepted.
[INFO]: Swapping: [4^+] <-> [5^+]
[INFO]: Swap was accepted.
[INFO]: Null move for: [0^-]
[INFO]:  retis step. Cycle 19
[INFO]: Performing RETIS swapping move(s).
[INFO]: Swapping: [0^+] <-> [1^+]
[INFO]: Swap was accepted.
[INFO]: Swapping: [2^+] <-> [3^+]
[INFO]: Swap was accepted.
[INFO]: Swapping: [4^+] <-> [5^+]
[INFO]: Swap was accepted.
[INFO]: Null move for: [0^-]
[INFO]:  retis step. Cycle 20
[INFO]: Performing RETIS TIS move(s)
[INFO]: TIS move in: [0^-]
[INFO]: Selecting the shooting move.
[INFO]: Performing a shooting move
[INFO]: Shooting from order parameter/index: 0.108466, 1
[INFO]: The move was rejected! (KOB)
[INFO]: TIS move in: [0^+]
[INFO]: Selecting the shooting move.
[INFO]: Performing a shooting move
[INFO]: Shooting from order parameter/index: 0.109258, 2
[INFO]: The move was accepted!
[INFO]: TIS move in: [1^+]
[INFO]: Selecting the shooting move.
[INFO]: Performing a shooting move
[INFO]: Shooting from order parameter/index: 0.109053, 3
[INFO]: The move was accepted!
[INFO]: TIS move in: [2^+]
[INFO]: Selecting the shooting move.
[INFO]: Performing a shooting move
[INFO]: Shooting from order parameter/index: 0.109243, 1
[INFO]: The move was rejected! (NCR)
[INFO]: TIS move in: [3^+]
[INFO]: Selecting the shooting move.
[INFO]: Performing a shooting move
[INFO]: Shooting from order parameter/index: 0.109173, 8
[INFO]: The move was accepted!
[INFO]: TIS move in: [4^+]
[INFO]: Selecting the shooting move.
[INFO]: Performing a shooting move
[INFO]: Shooting from order parameter/index: 0.108833, 3
[INFO]: The move was rejected! (NCR)
[INFO]: TIS move in: [5^+]
[INFO]: Selecting the shooting move.
[INFO]: Performing a shooting move
[INFO]: Shooting from order parameter/index: 0.111342, 3
[INFO]: The move was accepted!
[INFO]:  retis step. Cycle 21
[INFO]: Performing RETIS TIS move(s)
[INFO]: TIS move in: [0^-]
[INFO]: Selecting the shooting move.
[INFO]: Performing a shooting move
[INFO]: Shooting from order parameter/index: 0.108466, 1
[INFO]: The move was rejected! (KOB)
[INFO]: TIS move in: [0^+]
[INFO]: Selecting the shooting move.
[INFO]: Performing a shooting move
[INFO]: Shooting from order parameter/index: 0.109261, 4
[INFO]: The move was accepted!
[INFO]: TIS move in: [1^+]
[INFO]: Selecting the shooting move.
[INFO]: Performing a shooting move
[INFO]: Shooting from order parameter/index: 0.108725, 3
[INFO]: The move was rejected! (FTL)
[INFO]: TIS move in: [2^+]
[INFO]: Selecting the shooting move.
[INFO]: Performing a shooting move
[INFO]: Shooting from order parameter/index: 0.109243, 1
[INFO]: The move was rejected! (NCR)
[INFO]: TIS move in: [3^+]
[INFO]: Selecting the shooting move.
[INFO]: Performing a shooting move
[INFO]: Shooting from order parameter/index: 0.110293, 2
[INFO]: The move was rejected! (NCR)
[INFO]: TIS move in: [4^+]
[INFO]: Selecting the shooting move.
[INFO]: Performing a shooting move
[INFO]: Shooting from order parameter/index: 0.109844, 12
[INFO]: The move was accepted!
[INFO]: TIS move in: [5^+]
[INFO]: Selecting the shooting move.
[INFO]: Performing a shooting move
[INFO]: Shooting from order parameter/index: 0.108931, 3
[INFO]: The move was rejected! (NCR)
[INFO]:  retis step. Cycle 22
[INFO]: Performing RETIS TIS move(s)
[INFO]: TIS move in: [0^-]
[INFO]: Performing a time reversal move
[INFO]: The move was accepted!
[INFO]: TIS move in: [0^+]
[INFO]: Performing a time reversal move
[INFO]: The move was accepted!
[INFO]: TIS move in: [1^+]
[INFO]: Performing a time reversal move
[INFO]: The move was accepted!
[INFO]: TIS move in: [2^+]
[INFO]: Performing a time reversal move
[INFO]: The move was rejected! (BWI)
[INFO]: TIS move in: [3^+]
[INFO]: Performing a time reversal move
[INFO]: The move was accepted!
[INFO]: TIS move in: [4^+]
[INFO]: Performing a time reversal move
[INFO]: The move was accepted!
[INFO]: TIS move in: [5^+]
[INFO]: Performing a time reversal move
[INFO]: The move was accepted!
[INFO]:  retis step. Cycle 23
[INFO]: Performing RETIS swapping move(s).
[INFO]: Swapping: [0^-] <-> [0^+]
[INFO]: Swapping: [1^+] <-> [2^+]
[INFO]: Swap was accepted.
[INFO]: Swapping: [3^+] <-> [4^+]
[INFO]: Swap was accepted.
[INFO]: Null move for: [5^+]
[INFO]:  retis step. Cycle 24
[INFO]: Performing RETIS TIS move(s)
[INFO]: TIS move in: [0^-]
[INFO]: Selecting the shooting move.
[INFO]: Performing a shooting move
[INFO]: Shooting from order parameter/index: 0.108466, 1
[INFO]: The move was rejected! (KOB)
[INFO]: TIS move in: [0^+]
[INFO]: Selecting the shooting move.
[INFO]: Performing a shooting move
[INFO]: Shooting from order parameter/index: 0.109389, 1
[INFO]: The move was accepted!
[INFO]: TIS move in: [1^+]
[INFO]: Selecting the shooting move.
[INFO]: Performing a shooting move
[INFO]: Shooting from order parameter/index: 0.109243, 1
[INFO]: The move was rejected! (BTL)
[INFO]: TIS move in: [2^+]
[INFO]: Selecting the shooting move.
[INFO]: Performing a shooting move
[INFO]: Shooting from order parameter/index: 0.108933, 9
[INFO]: The move was accepted!
[INFO]: TIS move in: [3^+]
[INFO]: Selecting the shooting move.
[INFO]: Performing a shooting move
[INFO]: Shooting from order parameter/index: 0.109143, 4
[INFO]: The move was accepted!
[INFO]: TIS move in: [4^+]
[INFO]: Selecting the shooting move.
[INFO]: Performing a shooting move
[INFO]: Shooting from order parameter/index: 0.109302, 12
[INFO]: The move was rejected! (NCR)
[INFO]: TIS move in: [5^+]
[INFO]: Selecting the shooting move.
[INFO]: Performing a shooting move
[INFO]: Shooting from order parameter/index: 0.108963, 9
[INFO]: The move was rejected! (BWI)
[INFO]:  retis step. Cycle 25
[INFO]: Performing RETIS swapping move(s).
[INFO]: Swapping: [0^+] <-> [1^+]
[INFO]: Swap was accepted.
[INFO]: Swapping: [2^+] <-> [3^+]
[INFO]: Swap was rejected. (NCR)
[INFO]: Swapping: [4^+] <-> [5^+]
[INFO]: Swap was rejected. (NCR)
[INFO]: Null move for: [0^-]
[INFO]:  retis step. Cycle 26
[INFO]: Performing RETIS TIS move(s)
[INFO]: TIS move in: [0^-]
[INFO]: Selecting the shooting move.
[INFO]: Performing a shooting move
[INFO]: Shooting from order parameter/index: 0.108466, 1
[INFO]: The move was rejected! (KOB)
[INFO]: TIS move in: [0^+]
[INFO]: Selecting the shooting move.
[INFO]: Performing a shooting move
[INFO]: Shooting from order parameter/index: 0.109243, 1
[INFO]: The move was rejected! (BTL)
[INFO]: TIS move in: [1^+]
[INFO]: Selecting the shooting move.
[INFO]: Performing a shooting move
[INFO]: Shooting from order parameter/index: 0.109095, 6
[INFO]: The move was rejected! (BTL)
[INFO]: TIS move in: [2^+]
[INFO]: Selecting the shooting move.
[INFO]: Performing a shooting move
[INFO]: Shooting from order parameter/index: 0.109838, 5
[INFO]: The move was rejected! (BTL)
[INFO]: TIS move in: [3^+]
[INFO]: Selecting the shooting move.
[INFO]: Performing a shooting move
[INFO]: Shooting from order parameter/index: 0.109842, 7
[INFO]: The move was rejected! (FTL)
[INFO]: TIS move in: [4^+]
[INFO]: Selecting the shooting move.
[INFO]: Performing a shooting move
[INFO]: Shooting from order parameter/index: 0.109302, 12
[INFO]: The move was rejected! (NCR)
[INFO]: TIS move in: [5^+]
[INFO]: Selecting the shooting move.
[INFO]: Performing a shooting move
[INFO]: Shooting from order parameter/index: 0.108931, 15
[INFO]: The move was rejected! (NCR)
[INFO]:  retis step. Cycle 27
[INFO]: Performing RETIS TIS move(s)
[INFO]: TIS move in: [0^-]
[INFO]: Selecting the shooting move.
[INFO]: Performing a shooting move
[INFO]: Shooting from order parameter/index: 0.108466, 1
[INFO]: The move was rejected! (KOB)
[INFO]: TIS move in: [0^+]
[INFO]: Selecting the shooting move.
[INFO]: Performing a shooting move
[INFO]: Shooting from order parameter/index: 0.109243, 1
[INFO]: The move was rejected! (BTL)
[INFO]: TIS move in: [1^+]
[INFO]: Selecting the shooting move.
[INFO]: Performing a shooting move
[INFO]: Shooting from order parameter/index: 0.109095, 6
[INFO]: The move was accepted!
[INFO]: TIS move in: [2^+]
[INFO]: Selecting the shooting move.
[INFO]: Performing a shooting move
[INFO]: Shooting from order parameter/index: 0.108982, 1
[INFO]: The move was rejected! (BTL)
[INFO]: TIS move in: [3^+]
[INFO]: Selecting the shooting move.
[INFO]: Performing a shooting move
[INFO]: Shooting from order parameter/index: 0.109908, 10
[INFO]: The move was rejected! (NCR)
[INFO]: TIS move in: [4^+]
[INFO]: Selecting the shooting move.
[INFO]: Performing a shooting move
[INFO]: Shooting from order parameter/index: 0.109495, 8
[INFO]: The move was rejected! (NCR)
[INFO]: TIS move in: [5^+]
[INFO]: Selecting the shooting move.
[INFO]: Performing a shooting move
[INFO]: Shooting from order parameter/index: 0.109792, 16
[INFO]: The move was rejected! (NCR)
[INFO]:  retis step. Cycle 28
[INFO]: Performing RETIS TIS move(s)
[INFO]: TIS move in: [0^-]
[INFO]: Selecting the shooting move.
[INFO]: Performing a shooting move
[INFO]: Shooting from order parameter/index: 0.108466, 1
[INFO]: The move was rejected! (KOB)
[INFO]: TIS move in: [0^+]
[INFO]: Selecting the shooting move.
[INFO]: Performing a shooting move
[INFO]: Shooting from order parameter/index: 0.109243, 1
[INFO]: The move was rejected! (BTL)
[INFO]: TIS move in: [1^+]
[INFO]: Selecting the shooting move.
[INFO]: Performing a shooting move
[INFO]: Shooting from order parameter/index: 0.108677, 6
[INFO]: The move was rejected! (BTL)
[INFO]: TIS move in: [2^+]
[INFO]: Selecting the shooting move.
[INFO]: Performing a shooting move
[INFO]: Shooting from order parameter/index: 0.109838, 5
[INFO]: The move was accepted!
[INFO]: TIS move in: [3^+]
[INFO]: Selecting the shooting move.
[INFO]: Performing a shooting move
[INFO]: Shooting from order parameter/index: 0.109265, 9
[INFO]: The move was accepted!
[INFO]: TIS move in: [4^+]
[INFO]: Selecting the shooting move.
[INFO]: Performing a shooting move
[INFO]: Shooting from order parameter/index: 0.110956, 4
[INFO]: The move was rejected! (NCR)
[INFO]: TIS move in: [5^+]
[INFO]: Selecting the shooting move.
[INFO]: Performing a shooting move
[INFO]: Shooting from order parameter/index: 0.108663, 7
[INFO]: The move was rejected! (NCR)
[INFO]:  retis step. Cycle 29
[INFO]: Performing RETIS swapping move(s).
[INFO]: Swapping: [0^+] <-> [1^+]
[INFO]: Swap was accepted.
[INFO]: Swapping: [2^+] <-> [3^+]
[INFO]: Swap was rejected. (NCR)
[INFO]: Swapping: [4^+] <-> [5^+]
[INFO]: Swap was rejected. (NCR)
[INFO]: Null move for: [0^-]
[INFO]:  retis step. Cycle 30
[INFO]: Performing RETIS swapping move(s).
[INFO]: Swapping: [0^-] <-> [0^+]
[INFO]: Swapping: [1^+] <-> [2^+]
[INFO]: Swap was accepted.
[INFO]: Swapping: [3^+] <-> [4^+]
[INFO]: Swap was rejected. (NCR)
[INFO]: Null move for: [5^+]
[INFO]:  retis step. Cycle 31
[INFO]: Performing RETIS swapping move(s).
[INFO]: Swapping: [0^-] <-> [0^+]
[INFO]: Swapping: [1^+] <-> [2^+]
[INFO]: Swap was accepted.
[INFO]: Swapping: [3^+] <-> [4^+]
[INFO]: Swap was rejected. (NCR)
[INFO]: Null move for: [5^+]
[INFO]:  retis step. Cycle 32
[INFO]: Performing RETIS TIS move(s)
[INFO]: TIS move in: [0^-]
[INFO]: Performing a time reversal move
[INFO]: The move was accepted!
[INFO]: TIS move in: [0^+]
[INFO]: Performing a time reversal move
[INFO]: The move was accepted!
[INFO]: TIS move in: [1^+]
[INFO]: Performing a time reversal move
[INFO]: The move was rejected! (BWI)
[INFO]: TIS move in: [2^+]
[INFO]: Performing a time reversal move
[INFO]: The move was accepted!
[INFO]: TIS move in: [3^+]
[INFO]: Performing a time reversal move
[INFO]: The move was accepted!
[INFO]: TIS move in: [4^+]
[INFO]: Performing a time reversal move
[INFO]: The move was accepted!
[INFO]: TIS move in: [5^+]
[INFO]: Performing a time reversal move
[INFO]: The move was accepted!
[INFO]:  retis step. Cycle 33
[INFO]: Performing RETIS TIS move(s)
[INFO]: TIS move in: [0^-]
[INFO]: Performing a time reversal move
[INFO]: The move was accepted!
[INFO]: TIS move in: [0^+]
[INFO]: Performing a time reversal move
[INFO]: The move was accepted!
[INFO]: TIS move in: [1^+]
[INFO]: Performing a time reversal move
[INFO]: The move was rejected! (BWI)
[INFO]: TIS move in: [2^+]
[INFO]: Performing a time reversal move
[INFO]: The move was accepted!
[INFO]: TIS move in: [3^+]
[INFO]: Performing a time reversal move
[INFO]: The move was accepted!
[INFO]: TIS move in: [4^+]
[INFO]: Performing a time reversal move
[INFO]: The move was accepted!
[INFO]: TIS move in: [5^+]
[INFO]: Performing a time reversal move
[INFO]: The move was accepted!
[INFO]:  retis step. Cycle 34
[INFO]: Performing RETIS swapping move(s).
[INFO]: Swapping: [0^+] <-> [1^+]
[INFO]: Swap was accepted.
[INFO]: Swapping: [2^+] <-> [3^+]
[INFO]: Swap was rejected. (NCR)
[INFO]: Swapping: [4^+] <-> [5^+]
[INFO]: Swap was rejected. (NCR)
[INFO]: Null move for: [0^-]
[INFO]:  retis step. Cycle 35
[INFO]: Performing RETIS swapping move(s).
[INFO]: Swapping: [0^+] <-> [1^+]
[INFO]: Swap was accepted.
[INFO]: Swapping: [2^+] <-> [3^+]
[INFO]: Swap was rejected. (NCR)
[INFO]: Swapping: [4^+] <-> [5^+]
[INFO]: Swap was rejected. (NCR)
[INFO]: Null move for: [0^-]
[INFO]:  retis step. Cycle 36
[INFO]: Performing RETIS TIS move(s)
[INFO]: TIS move in: [0^-]
[INFO]: Performing a time reversal move
[INFO]: The move was accepted!
[INFO]: TIS move in: [0^+]
[INFO]: Performing a time reversal move
[INFO]: The move was accepted!
[INFO]: TIS move in: [1^+]
[INFO]: Performing a time reversal move
[INFO]: The move was rejected! (BWI)
[INFO]: TIS move in: [2^+]
[INFO]: Performing a time reversal move
[INFO]: The move was accepted!
[INFO]: TIS move in: [3^+]
[INFO]: Performing a time reversal move
[INFO]: The move was accepted!
[INFO]: TIS move in: [4^+]
[INFO]: Performing a time reversal move
[INFO]: The move was accepted!
[INFO]: TIS move in: [5^+]
[INFO]: Performing a time reversal move
[INFO]: The move was accepted!
[INFO]:  retis step. Cycle 37
[INFO]: Performing RETIS swapping move(s).
[INFO]: Swapping: [0^-] <-> [0^+]
[INFO]: Swapping: [1^+] <-> [2^+]
[INFO]: Swap was accepted.
[INFO]: Swapping: [3^+] <-> [4^+]
[INFO]: Swap was rejected. (NCR)
[INFO]: Null move for: [5^+]
[INFO]:  retis step. Cycle 38
[INFO]: Performing RETIS swapping move(s).
[INFO]: Swapping: [0^+] <-> [1^+]
[INFO]: Swap was accepted.
[INFO]: Swapping: [2^+] <-> [3^+]
[INFO]: Swap was accepted.
[INFO]: Swapping: [4^+] <-> [5^+]
[INFO]: Swap was rejected. (NCR)
[INFO]: Null move for: [0^-]
[INFO]:  retis step. Cycle 39
[INFO]: Performing RETIS swapping move(s).
[INFO]: Swapping: [0^-] <-> [0^+]
[INFO]: Swapping: [1^+] <-> [2^+]
[INFO]: Swap was accepted.
[INFO]: Swapping: [3^+] <-> [4^+]
[INFO]: Swap was accepted.
[INFO]: Null move for: [5^+]
[INFO]:  retis step. Cycle 40
[INFO]: Performing RETIS swapping move(s).
[INFO]: Swapping: [0^-] <-> [0^+]
[INFO]: Swapping: [1^+] <-> [2^+]
[INFO]: Swap was accepted.
[INFO]: Swapping: [3^+] <-> [4^+]
[INFO]: Swap was accepted.
[INFO]: Null move for: [5^+]
[INFO]:  retis step. Cycle 41
[INFO]: Performing RETIS swapping move(s).
[INFO]: Swapping: [0^-] <-> [0^+]
[INFO]: Swapping: [1^+] <-> [2^+]
[INFO]: Swap was accepted.
[INFO]: Swapping: [3^+] <-> [4^+]
[INFO]: Swap was accepted.
[INFO]: Null move for: [5^+]
[INFO]:  retis step. Cycle 42
[INFO]: Performing RETIS TIS move(s)
[INFO]: TIS move in: [0^-]
[INFO]: Selecting the shooting move.
[INFO]: Performing a shooting move
[INFO]: Shooting from order parameter/index: 0.108466, 1
[INFO]: The move was rejected! (KOB)
[INFO]: TIS move in: [0^+]
[INFO]: Selecting the shooting move.
[INFO]: Performing a shooting move
[INFO]: Shooting from order parameter/index: 0.108587, 2
[INFO]: The move was rejected! (KOB)
[INFO]: TIS move in: [1^+]
[INFO]: Selecting the shooting move.
[INFO]: Performing a shooting move
[INFO]: Shooting from order parameter/index: 0.109283, 6
[INFO]: The move was rejected! (FTL)
[INFO]: TIS move in: [2^+]
[INFO]: Selecting the shooting move.
[INFO]: Performing a shooting move
[INFO]: Shooting from order parameter/index: 0.109808, 3
[INFO]: The move was rejected! (FTL)
[INFO]: TIS move in: [3^+]
[INFO]: Selecting the shooting move.
[INFO]: Performing a shooting move
[INFO]: Shooting from order parameter/index: 0.110293, 2
[INFO]: The move was rejected! (NCR)
[INFO]: TIS move in: [4^+]
[INFO]: Selecting the shooting move.
[INFO]: Performing a shooting move
[INFO]: Shooting from order parameter/index: 0.109243, 1
[INFO]: The move was rejected! (BTL)
[INFO]: TIS move in: [5^+]
[INFO]: Selecting the shooting move.
[INFO]: Performing a shooting move
[INFO]: Shooting from order parameter/index: 0.109930, 1
[INFO]: The move was rejected! (NCR)
[INFO]:  retis step. Cycle 43
[INFO]: Performing RETIS swapping move(s).
[INFO]: Swapping: [0^-] <-> [0^+]
[INFO]: Swapping: [1^+] <-> [2^+]
[INFO]: Swap was accepted.
[INFO]: Swapping: [3^+] <-> [4^+]
[INFO]: Swap was accepted.
[INFO]: Null move for: [5^+]
[INFO]:  retis step. Cycle 44
[INFO]: Performing RETIS TIS move(s)
[INFO]: TIS move in: [0^-]
[INFO]: Selecting the shooting move.
[INFO]: Performing a shooting move
[INFO]: Shooting from order parameter/index: 0.108466, 1
[INFO]: The move was rejected! (KOB)
[INFO]: TIS move in: [0^+]
[INFO]: Selecting the shooting move.
[INFO]: Performing a shooting move
[INFO]: Shooting from order parameter/index: 0.109636, 1
[INFO]: The move was accepted!
[INFO]: TIS move in: [1^+]
[INFO]: Selecting the shooting move.
[INFO]: Performing a shooting move
[INFO]: Shooting from order parameter/index: 0.109772, 2
[INFO]: The move was rejected! (FTL)
[INFO]: TIS move in: [2^+]
[INFO]: Selecting the shooting move.
[INFO]: Performing a shooting move
[INFO]: Shooting from order parameter/index: 0.108865, 1
